$ git config --list --show-origin
$ git config --global user.name "John Doe"
$ git config --global user.email johndoe@example.com

$ git config --list
user.name=John Doe
user.email=johndoe@example.com
color.status=auto
color.branch=auto
color.interactive=auto
color.diff=auto
...


$ git init
Reinitialized existing Git repository in D:/git-richard/.git/

$ git add *.txt
warning: LF will be replaced by CRLF in git-init.txt.
The file will have its original line endings in your working directory

$ git add LICENSE
fatal: pathspec 'LICENSE' did not match any files

$ git commit -m 'initial project version'
[master (root-commit) 7b27039] initial project version
 1 file changed, 12 insertions(+)
 create mode 100644 git-init.txt

$ git status
On branch master
Untracked files:
  (use "git add <file>..." to include in what will be committed)
        BookExampleStudy/

nothing added to commit but untracked files present (use "git add" to track)

$ git remote add origin https://github.com/starshorse/20200228start.git

$ git remote -v
origin  https://github.com/starshorse/20200228start.git (fetch)
origin  https://github.com/starshorse/20200228start.git (push)

$ git push -u origin master
Enumerating objects: 3, done.
Counting objects: 100% (3/3), done.
Delta compression using up to 4 threads
Compressing objects: 100% (2/2), done.
Writing objects: 100% (3/3), 373 bytes | 124.00 KiB/s, done.
Total 3 (delta 0), reused 0 (delta 0)
To https://github.com/starshorse/20200228start.git
 * [new branch]      master -> master
Branch 'master' set up to track remote branch 'master' from 'origin'.
